func_header
param_list
param
type
param_next
func_ret_type
type
func_header
param_list
param
type
param_next
func_ret_type
type
prog
param_list_skip
param_skip
type_skip
param_next_skip
func_ret_type_skip
type_skip
func_body
func_stmt
define
var_def_cont
type
opt_assign
funccall
arg_list
arg
arg_next
func_body
func_stmt
opt_ret
func_body
prog
param_list_skip
param_skip
type_skip
param_next_skip
func_ret_type_skip
type_skip
func_body
func_stmt
define
var_def_cont
funccall
arg_list
arg
opt_arg
term
arg_next
func_body
func_stmt
opt_ret
func_body
prog
stmt
expr_type
arg_list
arg
opt_arg
term
literal
arg_next
prog
