prog
stmt
expr_type
arg_list
arg
literal
arg_next
arg
literal
arg_next
prog
stmt
define
var_def_cont
type
opt_assign
prog
stmt
define
var_def_cont
type
opt_assign
prog
stmt
expr_type
arg_list
arg
arg_next
arg
literal
arg_next
arg
arg_next
arg
literal
arg_next
prog
stmt
define
var_def_cont
prog
stmt
define
var_def_cont
funccall
arg_list
arg
arg_next
prog
stmt
define
var_def_cont
prog
stmt
expr_type
prog
stmt
define
var_def_cont
type
opt_assign
prog
stmt
define
var_def_cont
funccall
arg_list
arg
opt_arg
term
arg_next
arg
opt_arg
term
arg_next
arg
opt_arg
term
arg_next
prog
stmt
expr_type
arg_list
arg
arg_next
arg
literal
arg_next
arg
literal
arg_next
arg
literal
arg_next
arg
arg_next
arg
literal
arg_next
arg
arg_next
arg
literal
arg_next
arg
arg_next
arg
literal
arg_next
prog
stmt
define
var_def_cont
funccall
arg_list
arg
opt_arg
term
arg_next
arg
opt_arg
term
literal
arg_next
arg
opt_arg
term
literal
arg_next
prog
stmt
expr_type
prog
stmt
define
var_def_cont
funccall
arg_list
arg
arg_next
prog
stmt
expr_type
arg_list
arg
arg_next
arg
literal
arg_next
arg
literal
arg_next
arg
literal
arg_next
arg
arg_next
arg
literal
arg_next
arg
arg_next
arg
literal
arg_next
prog
